Copyright 1986-2019 Xilinx, Inc. All Rights Reserved.
---------------------------------------------------------------------------------------------------------------------------------------------------------------------------------------------------
| Tool Version : Vivado v.2019.2 (lin64) Build 2708876 Wed Nov  6 21:39:14 MST 2019
| Date         : Thu Jun 18 12:09:07 2020
| Host         : saido-Lin running 64-bit Ubuntu 18.04.4 LTS
| Command      : report_accelerator_utilization -kernels { dpu_xrt_top:ULTRA96V2_i/dpu_xrt_top_1/inst:dpu_xrt_top_1} -file ../../../output/kernel_util_synthed.rpt -name kernel_util_synthed -json
| Design       : ULTRA96V2_wrapper
| Device       : xczu3eg
| Design State : Synthesized
---------------------------------------------------------------------------------------------------------------------------------------------------------------------------------------------------

Accelerator Utilization Design Information

Table of Contents
-----------------
1. System Utilization

1. System Utilization
---------------------

+---------------------+-----------------+-----------------+------------------+---------------+---------------+
| Name                | LUT             | LUTAsMem        | REG              | BRAM          | DSP           |
+---------------------+-----------------+-----------------+------------------+---------------+---------------+
| Platform            | 18497 [ 26.21%] |  1164 [  4.04%] |  21886 [ 15.51%] |   4 [  1.85%] |   0 [  0.00%] |
| User Budget         | 52063 [100.00%] | 27636 [100.00%] | 119234 [100.00%] | 212 [100.00%] | 360 [100.00%] |
|    Used Resources   | 42890 [ 82.38%] |  3298 [ 11.93%] |  73625 [ 61.75%] | 167 [ 78.77%] | 326 [ 90.56%] |
|    Unused Resources |  9173 [ 17.62%] | 24338 [ 88.07%] |  45609 [ 38.25%] |  45 [ 21.23%] |  34 [  9.44%] |
| dpu_xrt_top         | 42890 [ 82.38%] |  3298 [ 11.93%] |  73625 [ 61.75%] | 167 [ 78.77%] | 326 [ 90.56%] |
|    dpu_xrt_top_1    | 42890 [ 82.38%] |  3298 [ 11.93%] |  73625 [ 61.75%] | 167 [ 78.77%] | 326 [ 90.56%] |
+---------------------+-----------------+-----------------+------------------+---------------+---------------+


